
> react-kavia@0.1.0 start
> react-scripts start

(node:1971) [DEP_WEBPACK_DEV_SERVER_ON_AFTER_SETUP_MIDDLEWARE] DeprecationWarning: 'onAfterSetupMiddleware' option is deprecated. Please use the 'setupMiddlewares' option.
(Use `node --trace-deprecation ...` to show where the warning was created)
(node:1971) [DEP_WEBPACK_DEV_SERVER_ON_BEFORE_SETUP_MIDDLEWARE] DeprecationWarning: 'onBeforeSetupMiddleware' option is deprecated. Please use the 'setupMiddlewares' option.
Starting the development server...

Compiled successfully!

You can now view react-kavia in the browser.

  Local:            http://localhost:3000
  On Your Network:  http://172.17.0.2:3000

Note that the development build is not optimized.
To create a production build, use npm run build.

webpack compiled successfully
Compiling...
Failed to compile.

Module not found: Error: Can't resolve 'react-router-dom' in '/home/kavia/workspace/code-generation/luxmatch-pro-16493-80ec99fd/luxmatch_pro/src'
ERROR in ./src/App.js 8:0-93
Module not found: Error: Can't resolve 'react-router-dom' in '/home/kavia/workspace/code-generation/luxmatch-pro-16493-80ec99fd/luxmatch_pro/src'

webpack compiled with 1 error
Compiling...
Failed to compile.

Module not found: Error: Can't resolve 'react-router-dom' in '/home/kavia/workspace/code-generation/luxmatch-pro-16493-80ec99fd/luxmatch_pro/src'
ERROR in ./src/App.js 8:0-93
Module not found: Error: Can't resolve 'react-router-dom' in '/home/kavia/workspace/code-generation/luxmatch-pro-16493-80ec99fd/luxmatch_pro/src'

webpack compiled with 1 error
Compiling...
Failed to compile.

Module not found: Error: Can't resolve 'react-router-dom' in '/home/kavia/workspace/code-generation/luxmatch-pro-16493-80ec99fd/luxmatch_pro/src'
ERROR in ./src/App.js 8:0-93
Module not found: Error: Can't resolve 'react-router-dom' in '/home/kavia/workspace/code-generation/luxmatch-pro-16493-80ec99fd/luxmatch_pro/src'

webpack compiled with 1 error
Compiling...
Failed to compile.

Module not found: Error: Can't resolve 'react-router-dom' in '/home/kavia/workspace/code-generation/luxmatch-pro-16493-80ec99fd/luxmatch_pro/src'
ERROR in ./src/App.js 8:0-93
Module not found: Error: Can't resolve 'react-router-dom' in '/home/kavia/workspace/code-generation/luxmatch-pro-16493-80ec99fd/luxmatch_pro/src'

webpack compiled with 1 error
Compiling...
Failed to compile.

Module not found: Error: Can't resolve 'react-router-dom' in '/home/kavia/workspace/code-generation/luxmatch-pro-16493-80ec99fd/luxmatch_pro/src'
ERROR in ./src/App.js 8:0-93
Module not found: Error: Can't resolve 'react-router-dom' in '/home/kavia/workspace/code-generation/luxmatch-pro-16493-80ec99fd/luxmatch_pro/src'

webpack compiled with 1 error
Compiling...
Failed to compile.

Module not found: Error: Can't resolve 'react-router-dom' in '/home/kavia/workspace/code-generation/luxmatch-pro-16493-80ec99fd/luxmatch_pro/src'
ERROR in ./src/App.js 8:0-93
Module not found: Error: Can't resolve 'react-router-dom' in '/home/kavia/workspace/code-generation/luxmatch-pro-16493-80ec99fd/luxmatch_pro/src'

webpack compiled with 1 error
Compiling...
Failed to compile.

Module not found: Error: Can't resolve 'react-router-dom' in '/home/kavia/workspace/code-generation/luxmatch-pro-16493-80ec99fd/luxmatch_pro/src'
ERROR in ./src/App.js 8:0-93
Module not found: Error: Can't resolve 'react-router-dom' in '/home/kavia/workspace/code-generation/luxmatch-pro-16493-80ec99fd/luxmatch_pro/src'

webpack compiled with 1 error
Compiling...
Failed to compile.

Module not found: Error: Can't resolve 'react-router-dom' in '/home/kavia/workspace/code-generation/luxmatch-pro-16493-80ec99fd/luxmatch_pro/src'
LOG from webpack.FileSystemInfo
<w> Managed item /home/kavia/workspace/code-generation/luxmatch-pro-16493-80ec99fd/luxmatch_pro/node_modules/react-router-dom isn't a directory or doesn't contain a package.json (see snapshot.managedPaths option)
+ 13 hidden lines

ERROR in ./src/App.js 8:0-93
Module not found: Error: Can't resolve 'react-router-dom' in '/home/kavia/workspace/code-generation/luxmatch-pro-16493-80ec99fd/luxmatch_pro/src'

webpack compiled with 1 error
Compiling...
Failed to compile.

Attempted import error: 'Link' is not exported from 'react-router-dom' (imported as 'Link').
LOG from webpack.FileSystemInfo
<w> Managed item /home/kavia/workspace/code-generation/luxmatch-pro-16493-80ec99fd/luxmatch_pro/node_modules/react-router isn't a directory or doesn't contain a package.json (see snapshot.managedPaths option)
+ 13 hidden lines

ERROR in ./src/App.js 46:41-45
export 'Link' (imported as 'Link') was not found in 'react-router-dom' (module has no exports)

ERROR in ./src/App.js 60:41-45
export 'Link' (imported as 'Link') was not found in 'react-router-dom' (module has no exports)

ERROR in ./src/App.js 74:41-45
export 'Link' (imported as 'Link') was not found in 'react-router-dom' (module has no exports)

ERROR in ./src/App.js 88:41-45
export 'Link' (imported as 'Link') was not found in 'react-router-dom' (module has no exports)

ERROR in ./src/App.js 140:37-41
export 'Link' (imported as 'Link') was not found in 'react-router-dom' (module has no exports)

ERROR in ./src/App.js 321:19-30
export 'useNavigate' (imported as 'useNavigate') was not found in 'react-router-dom' (module has no exports)

ERROR in ./src/App.js 353:10-21
export 'useNavigate' (imported as 'useNavigate') was not found in 'react-router-dom' (module has no exports)

ERROR in ./src/App.js 765:30-36
export 'BrowserRouter' (imported as 'Router') was not found in 'react-router-dom' (module has no exports)

ERROR in ./src/App.js 774:39-45
export 'Routes' (imported as 'Routes') was not found in 'react-router-dom' (module has no exports)

ERROR in ./src/App.js 775:42-47
export 'Route' (imported as 'Route') was not found in 'react-router-dom' (module has no exports)

ERROR in ./src/App.js 786:41-46
export 'Route' (imported as 'Route') was not found in 'react-router-dom' (module has no exports)

ERROR in ./src/App.js 800:41-46
export 'Route' (imported as 'Route') was not found in 'react-router-dom' (module has no exports)

ERROR in ./src/App.js 816:41-46
export 'Route' (imported as 'Route') was not found in 'react-router-dom' (module has no exports)

ERROR in ./src/App.js 827:41-46
export 'Route' (imported as 'Route') was not found in 'react-router-dom' (module has no exports)

ERROR in ./node_modules/react-router-dom/dist/index.mjs 13:0-66
Module not found: Error: Can't resolve 'react-router/dom' in '/home/kavia/workspace/code-generation/luxmatch-pro-16493-80ec99fd/luxmatch_pro/node_modules/react-router-dom/dist'

ERROR in ./node_modules/react-router-dom/dist/index.mjs 14:0-29
Module not found: Error: Can't resolve 'react-router' in '/home/kavia/workspace/code-generation/luxmatch-pro-16493-80ec99fd/luxmatch_pro/node_modules/react-router-dom/dist'

webpack compiled with 16 errors
Compiling...
Failed to compile.

Attempted import error: 'Link' is not exported from 'react-router-dom' (imported as 'Link').
ERROR in ./src/App.js 46:41-45
export 'Link' (imported as 'Link') was not found in 'react-router-dom' (module has no exports)

ERROR in ./src/App.js 60:41-45
export 'Link' (imported as 'Link') was not found in 'react-router-dom' (module has no exports)

ERROR in ./src/App.js 74:41-45
export 'Link' (imported as 'Link') was not found in 'react-router-dom' (module has no exports)

ERROR in ./src/App.js 88:41-45
export 'Link' (imported as 'Link') was not found in 'react-router-dom' (module has no exports)

ERROR in ./src/App.js 140:37-41
export 'Link' (imported as 'Link') was not found in 'react-router-dom' (module has no exports)

ERROR in ./src/App.js 321:19-30
export 'useNavigate' (imported as 'useNavigate') was not found in 'react-router-dom' (module has no exports)

ERROR in ./src/App.js 353:10-21
export 'useNavigate' (imported as 'useNavigate') was not found in 'react-router-dom' (module has no exports)

ERROR in ./src/App.js 765:30-36
export 'BrowserRouter' (imported as 'Router') was not found in 'react-router-dom' (module has no exports)

ERROR in ./src/App.js 774:39-45
export 'Routes' (imported as 'Routes') was not found in 'react-router-dom' (module has no exports)

ERROR in ./src/App.js 775:42-47
export 'Route' (imported as 'Route') was not found in 'react-router-dom' (module has no exports)

ERROR in ./src/App.js 786:41-46
export 'Route' (imported as 'Route') was not found in 'react-router-dom' (module has no exports)

ERROR in ./src/App.js 800:41-46
export 'Route' (imported as 'Route') was not found in 'react-router-dom' (module has no exports)

ERROR in ./src/App.js 816:41-46
export 'Route' (imported as 'Route') was not found in 'react-router-dom' (module has no exports)

ERROR in ./src/App.js 827:41-46
export 'Route' (imported as 'Route') was not found in 'react-router-dom' (module has no exports)

webpack compiled with 14 errors
Compiling...
Failed to compile.

Attempted import error: 'Link' is not exported from 'react-router-dom' (imported as 'Link').
ERROR in ./src/App.js 46:41-45
export 'Link' (imported as 'Link') was not found in 'react-router-dom' (module has no exports)

ERROR in ./src/App.js 60:41-45
export 'Link' (imported as 'Link') was not found in 'react-router-dom' (module has no exports)

ERROR in ./src/App.js 74:41-45
export 'Link' (imported as 'Link') was not found in 'react-router-dom' (module has no exports)

ERROR in ./src/App.js 88:41-45
export 'Link' (imported as 'Link') was not found in 'react-router-dom' (module has no exports)

ERROR in ./src/App.js 140:37-41
export 'Link' (imported as 'Link') was not found in 'react-router-dom' (module has no exports)

ERROR in ./src/App.js 321:19-30
export 'useNavigate' (imported as 'useNavigate') was not found in 'react-router-dom' (module has no exports)

ERROR in ./src/App.js 353:10-21
export 'useNavigate' (imported as 'useNavigate') was not found in 'react-router-dom' (module has no exports)

ERROR in ./src/App.js 765:30-36
export 'BrowserRouter' (imported as 'Router') was not found in 'react-router-dom' (module has no exports)

ERROR in ./src/App.js 774:39-45
export 'Routes' (imported as 'Routes') was not found in 'react-router-dom' (module has no exports)

ERROR in ./src/App.js 775:42-47
export 'Route' (imported as 'Route') was not found in 'react-router-dom' (module has no exports)

ERROR in ./src/App.js 786:41-46
export 'Route' (imported as 'Route') was not found in 'react-router-dom' (module has no exports)

ERROR in ./src/App.js 800:41-46
export 'Route' (imported as 'Route') was not found in 'react-router-dom' (module has no exports)

ERROR in ./src/App.js 816:41-46
export 'Route' (imported as 'Route') was not found in 'react-router-dom' (module has no exports)

ERROR in ./src/App.js 827:41-46
export 'Route' (imported as 'Route') was not found in 'react-router-dom' (module has no exports)

webpack compiled with 14 errors
